// Jest Snapshot v1, https://goo.gl/fbAQLP

exports[`Should render ExpensesSummary correctly 1`] = `
<p>
  Viewing 
  3
   expense totalling 
  $24,195.00
  .
</p>
`;
